// Jest Snapshot v1, https://goo.gl/fbAQLP

exports[` 1`] = `
<DocumentFragment>
  <div
    class="px-4 py-4 container-fluid"
    id="contact-form"
  >
    <form
      class=""
      id="contact-form"
    >
      <div
        class="py-3 text-muted px-0 col-12"
      >
        <p
          data-testid="contact"
        >
          LET'S TALK
        </p>
      </div>
      <div
        class="form-group row"
      >
        <label
          class="form-label col-form-label col-sm-2"
          for="name"
        >
          Name
        </label>
        <div
          class="col"
        >
          <input
            class="form-control"
            id="name"
            name="firstName"
            placeholder="First name"
            value=""
          />
        </div>
        <div
          class="col"
        >
          <input
            class="form-control"
            id="name"
            name="lastName"
            placeholder="Last name"
            value=""
          />
        </div>
      </div>
      <div
        class="form-group row"
      >
        <label
          class="form-label col-form-label col-sm-2"
          for="email"
        >
          Email
        </label>
        <div
          class="col-sm-10"
        >
          <input
            class="form-control"
            id="email"
            name="email"
            placeholder="Email"
            type="email"
            value=""
          />
        </div>
      </div>
      <div
        class="pt-3 form-group"
      >
        <label
          class="form-label"
          for="message"
        >
          Message
        </label>
        <textarea
          class="form-control"
          id="message"
          name="message"
          placeholder="Tell me about our next project!"
          rows="5"
        />
      </div>
      <div
        class="form-group row"
      >
        <div
          class="col-sm-10"
        >
          <button
            class="btn btn-outline-secondary"
            data-testid="button"
            type="submit"
          >
            Submit
          </button>
        </div>
      </div>
    </form>
  </div>
</DocumentFragment>
`;
